// Vitest Snapshot v1, https://vitest.dev/guide/snapshot.html

exports[`util functions > createYupArrayFromSchema > creates one Yup Array 1`] = `
ArraySchema {
  "_blacklist": Set {},
  "_typeCheck": [Function],
  "_whitelist": Set {},
  "conditions": [],
  "deps": [],
  "exclusiveTests": {
    "max": true,
    "min": true,
  },
  "innerType": ObjectSchema {
    "_blacklist": Set {},
    "_excludedEdges": [],
    "_mutate": undefined,
    "_nodes": [
      "person",
    ],
    "_sortErrors": [Function],
    "_typeCheck": [Function],
    "_whitelist": Set {},
    "conditions": [],
    "deps": [],
    "exclusiveTests": {},
    "fields": {
      "person": ObjectSchema {
        "_blacklist": Set {},
        "_excludedEdges": [],
        "_mutate": undefined,
        "_nodes": [
          "firstName",
        ],
        "_sortErrors": [Function],
        "_typeCheck": [Function],
        "_whitelist": Set {},
        "conditions": [],
        "deps": [],
        "exclusiveTests": {},
        "fields": {
          "firstName": StringSchema {
            "_blacklist": Set {},
            "_mutate": undefined,
            "_typeCheck": [Function],
            "_whitelist": Set {},
            "conditions": [],
            "deps": [],
            "exclusiveTests": {
              "required": false,
            },
            "internalTests": {
              "nullable": [Function],
              "optionality": [Function],
              "typeError": [Function],
            },
            "spec": {
              "abortEarly": true,
              "coerce": true,
              "disableStackTrace": false,
              "nullable": false,
              "optional": false,
              "recursive": true,
              "strict": false,
              "strip": false,
            },
            "tests": [
              [Function],
            ],
            "transforms": [
              [Function],
            ],
            "type": "string",
          },
        },
        "internalTests": {
          "nullable": [Function],
          "typeError": [Function],
        },
        "spec": {
          "abortEarly": true,
          "coerce": true,
          "disableStackTrace": false,
          "nullable": false,
          "optional": true,
          "recursive": true,
          "strict": false,
          "strip": false,
        },
        "tests": [],
        "transforms": [],
        "type": "object",
      },
    },
    "internalTests": {
      "nullable": [Function],
      "typeError": [Function],
    },
    "spec": {
      "abortEarly": true,
      "coerce": true,
      "disableStackTrace": false,
      "nullable": false,
      "optional": true,
      "recursive": true,
      "strict": false,
      "strip": false,
    },
    "tests": [],
    "transforms": [],
    "type": "object",
  },
  "internalTests": {
    "nullable": [Function],
    "typeError": [Function],
  },
  "spec": {
    "abortEarly": true,
    "coerce": true,
    "disableStackTrace": false,
    "nullable": false,
    "optional": true,
    "recursive": true,
    "strict": false,
    "strip": false,
    "types": ObjectSchema {
      "_blacklist": Set {},
      "_excludedEdges": [],
      "_mutate": undefined,
      "_nodes": [
        "person",
      ],
      "_sortErrors": [Function],
      "_typeCheck": [Function],
      "_whitelist": Set {},
      "conditions": [],
      "deps": [],
      "exclusiveTests": {},
      "fields": {
        "person": ObjectSchema {
          "_blacklist": Set {},
          "_excludedEdges": [],
          "_mutate": undefined,
          "_nodes": [
            "firstName",
          ],
          "_sortErrors": [Function],
          "_typeCheck": [Function],
          "_whitelist": Set {},
          "conditions": [],
          "deps": [],
          "exclusiveTests": {},
          "fields": {
            "firstName": StringSchema {
              "_blacklist": Set {},
              "_mutate": undefined,
              "_typeCheck": [Function],
              "_whitelist": Set {},
              "conditions": [],
              "deps": [],
              "exclusiveTests": {
                "required": false,
              },
              "internalTests": {
                "nullable": [Function],
                "optionality": [Function],
                "typeError": [Function],
              },
              "spec": {
                "abortEarly": true,
                "coerce": true,
                "disableStackTrace": false,
                "nullable": false,
                "optional": false,
                "recursive": true,
                "strict": false,
                "strip": false,
              },
              "tests": [
                [Function],
              ],
              "transforms": [
                [Function],
              ],
              "type": "string",
            },
          },
          "internalTests": {
            "nullable": [Function],
            "typeError": [Function],
          },
          "spec": {
            "abortEarly": true,
            "coerce": true,
            "disableStackTrace": false,
            "nullable": false,
            "optional": true,
            "recursive": true,
            "strict": false,
            "strip": false,
          },
          "tests": [],
          "transforms": [],
          "type": "object",
        },
      },
      "internalTests": {
        "nullable": [Function],
        "typeError": [Function],
      },
      "spec": {
        "abortEarly": true,
        "coerce": true,
        "disableStackTrace": false,
        "nullable": false,
        "optional": true,
        "recursive": true,
        "strict": false,
        "strip": false,
      },
      "tests": [],
      "transforms": [],
      "type": "object",
    },
  },
  "tests": [
    [Function],
    [Function],
  ],
  "transforms": [],
  "type": "array",
}
`;
